******************************************************************************
             TMS320C2000 Linker PC v6.4.6                      
******************************************************************************
>> Linked Sat Feb 25 18:39:35 2017

OUTPUT FILE NAME:   <control_red.out>
ENTRY POINT SYMBOL: "_c_int00"  address: 0000a4a2


MEMORY CONFIGURATION

         name            origin    length      used     unused   attr    fill
----------------------  --------  ---------  --------  --------  ----  --------
PAGE 0:
  BEGIN                 00000000   00000002  00000002  00000000  RWIX
  RAMM0                 00000050   000003b0  00000000  000003b0  RWIX
  RAML0                 00008000   00001000  000003e0  00000c20  RWIX
  RAML1                 00009000   00002000  00001575  00000a8b  RWIX
  RAML3                 0000b000   00001000  00000000  00001000  RWIX
  ZONE7A                00200000   0000fc00  00000000  0000fc00  RWIX
  CSM_RSVD              0033ff80   00000076  00000000  00000076  RWIX
  CSM_PWL               0033fff8   00000008  00000000  00000008  RWIX
  ADC_CAL               00380080   00000009  00000007  00000002  RWIX
  IQTABLES              003fe000   00000b50  00000000  00000b50  RWIX
  IQTABLES2             003feb50   0000008c  00000000  0000008c  RWIX
  FPUTABLES             003febdc   000006a0  00000000  000006a0  RWIX
  BOOTROM               003ff27c   00000d44  00000000  00000d44  RWIX
  RESET                 003fffc0   00000002  00000000  00000002  RWIX

PAGE 1:
  BOOT_RSVD             00000002   0000004e  00000000  0000004e  RWIX
  RAMM1                 00000400   00000400  00000300  00000100  RWIX
  DEV_EMU               00000880   00000180  000000d0  000000b0  RWIX
  FLASH_REGS            00000a80   00000060  00000008  00000058  RWIX
  CSM                   00000ae0   00000010  00000010  00000000  RWIX
  ADC_MIRROR            00000b00   00000010  00000010  00000000  RWIX
  XINTF                 00000b20   00000020  0000001e  00000002  RWIX
  CPU_TIMER0            00000c00   00000008  00000008  00000000  RWIX
  CPU_TIMER1            00000c08   00000008  00000008  00000000  RWIX
  CPU_TIMER2            00000c10   00000008  00000008  00000000  RWIX
  PIE_CTRL              00000ce0   00000020  0000001a  00000006  RWIX
  PIE_VECT              00000d00   00000100  00000100  00000000  RWIX
  DMA                   00001000   00000200  000000e0  00000120  RWIX
  MCBSPA                00005000   00000040  00000025  0000001b  RWIX
  MCBSPB                00005040   00000040  00000025  0000001b  RWIX
  ECANA                 00006000   00000040  00000034  0000000c  RWIX
  ECANA_LAM             00006040   00000040  00000040  00000000  RWIX
  ECANA_MOTS            00006080   00000040  00000040  00000000  RWIX
  ECANA_MOTO            000060c0   00000040  00000040  00000000  RWIX
  ECANA_MBOX            00006100   00000100  00000100  00000000  RWIX
  ECANB                 00006200   00000040  00000034  0000000c  RWIX
  ECANB_LAM             00006240   00000040  00000040  00000000  RWIX
  ECANB_MOTS            00006280   00000040  00000040  00000000  RWIX
  ECANB_MOTO            000062c0   00000040  00000040  00000000  RWIX
  ECANB_MBOX            00006300   00000100  00000100  00000000  RWIX
  EPWM1                 00006800   00000022  00000022  00000000  RWIX
  EPWM2                 00006840   00000022  00000022  00000000  RWIX
  EPWM3                 00006880   00000022  00000022  00000000  RWIX
  EPWM4                 000068c0   00000022  00000022  00000000  RWIX
  EPWM5                 00006900   00000022  00000022  00000000  RWIX
  EPWM6                 00006940   00000022  00000022  00000000  RWIX
  ECAP1                 00006a00   00000020  00000020  00000000  RWIX
  ECAP2                 00006a20   00000020  00000020  00000000  RWIX
  ECAP3                 00006a40   00000020  00000020  00000000  RWIX
  ECAP4                 00006a60   00000020  00000020  00000000  RWIX
  ECAP5                 00006a80   00000020  00000020  00000000  RWIX
  ECAP6                 00006aa0   00000020  00000020  00000000  RWIX
  EQEP1                 00006b00   00000040  00000040  00000000  RWIX
  EQEP2                 00006b40   00000040  00000040  00000000  RWIX
  GPIOCTRL              00006f80   00000040  0000002e  00000012  RWIX
  GPIODAT               00006fc0   00000020  00000020  00000000  RWIX
  GPIOINT               00006fe0   00000020  0000000a  00000016  RWIX
  SYSTEM                00007010   00000020  00000020  00000000  RWIX
  SPIA                  00007040   00000010  00000010  00000000  RWIX
  SCIA                  00007050   00000010  00000010  00000000  RWIX
  XINTRUPT              00007070   00000010  00000010  00000000  RWIX
  ADC                   00007100   00000020  0000001e  00000002  RWIX
  SCIB                  00007750   00000010  00000010  00000000  RWIX
  SCIC                  00007770   00000010  00000010  00000000  RWIX
  I2CA                  00007900   00000040  00000022  0000001e  RWIX
  RAML4                 0000c000   00001000  00000db0  00000250  RWIX
  RAML5                 0000d000   00001000  00000100  00000f00  RWIX
  RAML6                 0000e000   00001000  00000000  00001000  RWIX
  RAML7                 0000f000   00001000  00000000  00001000  RWIX
  ZONE7B                0020fc00   00000400  00000000  00000400  RWIX
  CSM_PWL               0033fff8   00000008  00000008  00000000  RWIX
  PARTID                00380090   00000001  00000001  00000000  RWIX


SECTION ALLOCATION MAP

 output                                  attributes/
section   page    origin      length       input sections
--------  ----  ----------  ----------   ----------------
codestart 
*          0    00000000    00000002     
                  00000000    00000002     DSP2833x_CodeStartBranch.obj (codestart)

.cinit     0    00008000    000003dc     
                  00008000    000003c6     main.obj (.cinit)
                  000083c6    0000000a     rts2800_fpu32.lib : exit.obj (.cinit)
                  000083d0    00000005                       : _lock.obj (.cinit:__lock)
                  000083d5    00000005                       : _lock.obj (.cinit:__unlock)
                  000083da    00000002     --HOLE-- [fill = 0]

ramfuncs   0    000083dc    00000004     
                  000083dc    00000004     DSP2833x_usDelay.obj (ramfuncs)

.text      0    00009000    00001575     
                  00009000    0000085b     main.obj (.text:retain)
                  0000985b    0000073e     main.obj (.text)
                  00009f99    00000316     DSP2833x_DefaultIsr.obj (.text:retain)
                  0000a2af    000000f8     DSP2833x_SysCtrl.obj (.text)
                  0000a3a7    00000088     rts2800_fpu32.lib : fs_div.obj (.text)
                  0000a42f    00000073     DSP2833x_CpuTimers.obj (.text)
                  0000a4a2    00000046     rts2800_fpu32.lib : boot.obj (.text)
                  0000a4e8    00000028     DSP2833x_PieCtrl.obj (.text)
                  0000a510    00000022     DSP2833x_PieVect.obj (.text)
                  0000a532    00000019     rts2800_fpu32.lib : args_main.obj (.text)
                  0000a54b    00000019                       : exit.obj (.text)
                  0000a564    00000009                       : _lock.obj (.text)
                  0000a56d    00000008     DSP2833x_CodeStartBranch.obj (.text)

.pinit     0    00008000    00000000     UNINITIALIZED

.adc_cal   0    00380080    00000007     NOLOAD SECTION
                  00380080    00000007     DSP2833x_ADC_cal.obj (.adc_cal)

.stack     1    00000400    00000300     UNINITIALIZED
                  00000400    00000300     --HOLE--

DevEmuRegsFile 
*          1    00000880    000000d0     UNINITIALIZED
                  00000880    000000d0     DSP2833x_GlobalVariableDefs.obj (DevEmuRegsFile)

FlashRegsFile 
*          1    00000a80    00000008     UNINITIALIZED
                  00000a80    00000008     DSP2833x_GlobalVariableDefs.obj (FlashRegsFile)

CsmRegsFile 
*          1    00000ae0    00000010     UNINITIALIZED
                  00000ae0    00000010     DSP2833x_GlobalVariableDefs.obj (CsmRegsFile)

AdcMirrorFile 
*          1    00000b00    00000010     UNINITIALIZED
                  00000b00    00000010     DSP2833x_GlobalVariableDefs.obj (AdcMirrorFile)

XintfRegsFile 
*          1    00000b20    0000001e     UNINITIALIZED
                  00000b20    0000001e     DSP2833x_GlobalVariableDefs.obj (XintfRegsFile)

CpuTimer0RegsFile 
*          1    00000c00    00000008     UNINITIALIZED
                  00000c00    00000008     DSP2833x_GlobalVariableDefs.obj (CpuTimer0RegsFile)

CpuTimer1RegsFile 
*          1    00000c08    00000008     UNINITIALIZED
                  00000c08    00000008     DSP2833x_GlobalVariableDefs.obj (CpuTimer1RegsFile)

CpuTimer2RegsFile 
*          1    00000c10    00000008     UNINITIALIZED
                  00000c10    00000008     DSP2833x_GlobalVariableDefs.obj (CpuTimer2RegsFile)

PieCtrlRegsFile 
*          1    00000ce0    0000001a     UNINITIALIZED
                  00000ce0    0000001a     DSP2833x_GlobalVariableDefs.obj (PieCtrlRegsFile)

PieVectTableFile 
*          1    00000d00    00000100     UNINITIALIZED
                  00000d00    00000100     DSP2833x_GlobalVariableDefs.obj (PieVectTableFile)

DmaRegsFile 
*          1    00001000    000000e0     UNINITIALIZED
                  00001000    000000e0     DSP2833x_GlobalVariableDefs.obj (DmaRegsFile)

McbspaRegsFile 
*          1    00005000    00000025     UNINITIALIZED
                  00005000    00000025     DSP2833x_GlobalVariableDefs.obj (McbspaRegsFile)

McbspbRegsFile 
*          1    00005040    00000025     UNINITIALIZED
                  00005040    00000025     DSP2833x_GlobalVariableDefs.obj (McbspbRegsFile)

ECanaRegsFile 
*          1    00006000    00000034     UNINITIALIZED
                  00006000    00000034     DSP2833x_GlobalVariableDefs.obj (ECanaRegsFile)

ECanaLAMRegsFile 
*          1    00006040    00000040     UNINITIALIZED
                  00006040    00000040     DSP2833x_GlobalVariableDefs.obj (ECanaLAMRegsFile)

ECanaMOTSRegsFile 
*          1    00006080    00000040     UNINITIALIZED
                  00006080    00000040     DSP2833x_GlobalVariableDefs.obj (ECanaMOTSRegsFile)

ECanaMOTORegsFile 
*          1    000060c0    00000040     UNINITIALIZED
                  000060c0    00000040     DSP2833x_GlobalVariableDefs.obj (ECanaMOTORegsFile)

ECanaMboxesFile 
*          1    00006100    00000100     UNINITIALIZED
                  00006100    00000100     DSP2833x_GlobalVariableDefs.obj (ECanaMboxesFile)

ECanbRegsFile 
*          1    00006200    00000034     UNINITIALIZED
                  00006200    00000034     DSP2833x_GlobalVariableDefs.obj (ECanbRegsFile)

ECanbLAMRegsFile 
*          1    00006240    00000040     UNINITIALIZED
                  00006240    00000040     DSP2833x_GlobalVariableDefs.obj (ECanbLAMRegsFile)

ECanbMOTSRegsFile 
*          1    00006280    00000040     UNINITIALIZED
                  00006280    00000040     DSP2833x_GlobalVariableDefs.obj (ECanbMOTSRegsFile)

ECanbMOTORegsFile 
*          1    000062c0    00000040     UNINITIALIZED
                  000062c0    00000040     DSP2833x_GlobalVariableDefs.obj (ECanbMOTORegsFile)

ECanbMboxesFile 
*          1    00006300    00000100     UNINITIALIZED
                  00006300    00000100     DSP2833x_GlobalVariableDefs.obj (ECanbMboxesFile)

EPwm1RegsFile 
*          1    00006800    00000022     UNINITIALIZED
                  00006800    00000022     DSP2833x_GlobalVariableDefs.obj (EPwm1RegsFile)

EPwm2RegsFile 
*          1    00006840    00000022     UNINITIALIZED
                  00006840    00000022     DSP2833x_GlobalVariableDefs.obj (EPwm2RegsFile)

EPwm3RegsFile 
*          1    00006880    00000022     UNINITIALIZED
                  00006880    00000022     DSP2833x_GlobalVariableDefs.obj (EPwm3RegsFile)

EPwm4RegsFile 
*          1    000068c0    00000022     UNINITIALIZED
                  000068c0    00000022     DSP2833x_GlobalVariableDefs.obj (EPwm4RegsFile)

EPwm5RegsFile 
*          1    00006900    00000022     UNINITIALIZED
                  00006900    00000022     DSP2833x_GlobalVariableDefs.obj (EPwm5RegsFile)

EPwm6RegsFile 
*          1    00006940    00000022     UNINITIALIZED
                  00006940    00000022     DSP2833x_GlobalVariableDefs.obj (EPwm6RegsFile)

ECap1RegsFile 
*          1    00006a00    00000020     UNINITIALIZED
                  00006a00    00000020     DSP2833x_GlobalVariableDefs.obj (ECap1RegsFile)

ECap2RegsFile 
*          1    00006a20    00000020     UNINITIALIZED
                  00006a20    00000020     DSP2833x_GlobalVariableDefs.obj (ECap2RegsFile)

ECap3RegsFile 
*          1    00006a40    00000020     UNINITIALIZED
                  00006a40    00000020     DSP2833x_GlobalVariableDefs.obj (ECap3RegsFile)

ECap4RegsFile 
*          1    00006a60    00000020     UNINITIALIZED
                  00006a60    00000020     DSP2833x_GlobalVariableDefs.obj (ECap4RegsFile)

ECap5RegsFile 
*          1    00006a80    00000020     UNINITIALIZED
                  00006a80    00000020     DSP2833x_GlobalVariableDefs.obj (ECap5RegsFile)

ECap6RegsFile 
*          1    00006aa0    00000020     UNINITIALIZED
                  00006aa0    00000020     DSP2833x_GlobalVariableDefs.obj (ECap6RegsFile)

EQep1RegsFile 
*          1    00006b00    00000040     UNINITIALIZED
                  00006b00    00000040     DSP2833x_GlobalVariableDefs.obj (EQep1RegsFile)

EQep2RegsFile 
*          1    00006b40    00000040     UNINITIALIZED
                  00006b40    00000040     DSP2833x_GlobalVariableDefs.obj (EQep2RegsFile)

GpioCtrlRegsFile 
*          1    00006f80    0000002e     UNINITIALIZED
                  00006f80    0000002e     DSP2833x_GlobalVariableDefs.obj (GpioCtrlRegsFile)

GpioDataRegsFile 
*          1    00006fc0    00000020     UNINITIALIZED
                  00006fc0    00000020     DSP2833x_GlobalVariableDefs.obj (GpioDataRegsFile)

GpioIntRegsFile 
*          1    00006fe0    0000000a     UNINITIALIZED
                  00006fe0    0000000a     DSP2833x_GlobalVariableDefs.obj (GpioIntRegsFile)

SysCtrlRegsFile 
*          1    00007010    00000020     UNINITIALIZED
                  00007010    00000020     DSP2833x_GlobalVariableDefs.obj (SysCtrlRegsFile)

SpiaRegsFile 
*          1    00007040    00000010     UNINITIALIZED
                  00007040    00000010     DSP2833x_GlobalVariableDefs.obj (SpiaRegsFile)

SciaRegsFile 
*          1    00007050    00000010     UNINITIALIZED
                  00007050    00000010     DSP2833x_GlobalVariableDefs.obj (SciaRegsFile)

XIntruptRegsFile 
*          1    00007070    00000010     UNINITIALIZED
                  00007070    00000010     DSP2833x_GlobalVariableDefs.obj (XIntruptRegsFile)

AdcRegsFile 
*          1    00007100    0000001e     UNINITIALIZED
                  00007100    0000001e     DSP2833x_GlobalVariableDefs.obj (AdcRegsFile)

ScibRegsFile 
*          1    00007750    00000010     UNINITIALIZED
                  00007750    00000010     DSP2833x_GlobalVariableDefs.obj (ScibRegsFile)

ScicRegsFile 
*          1    00007770    00000010     UNINITIALIZED
                  00007770    00000010     DSP2833x_GlobalVariableDefs.obj (ScicRegsFile)

I2caRegsFile 
*          1    00007900    00000022     UNINITIALIZED
                  00007900    00000022     DSP2833x_GlobalVariableDefs.obj (I2caRegsFile)

.ebss      1    0000c000    00000db0     UNINITIALIZED
                  0000c000    00000d90     main.obj (.ebss)
                  0000cd90    00000018     DSP2833x_CpuTimers.obj (.ebss)
                  0000cda8    00000004     rts2800_fpu32.lib : exit.obj (.ebss)
                  0000cdac    00000002                       : _lock.obj (.ebss:__lock)
                  0000cdae    00000002                       : _lock.obj (.ebss:__unlock)

.econst    1    0000d000    00000100     
                  0000d000    00000100     DSP2833x_PieVect.obj (.econst)

.reset     0    003fffc0    00000002     DSECT
                  003fffc0    00000002     rts2800_fpu32.lib : boot.obj (.reset)

csm_rsvd   0    0033ff80    00000000     DSECT

csmpasswds 
*          0    0033fff8    00000000     DSECT

CsmPwlFile 
*          1    0033fff8    00000008     UNINITIALIZED
                  0033fff8    00000008     DSP2833x_GlobalVariableDefs.obj (CsmPwlFile)

PartIdRegsFile 
*          1    00380090    00000001     UNINITIALIZED
                  00380090    00000001     DSP2833x_GlobalVariableDefs.obj (PartIdRegsFile)


GLOBAL DATA SYMBOLS: SORTED BY DATA PAGE

address     data page           name
--------    ----------------    ----
00000400      10 (00000400)     __stack

00000880      22 (00000880)     _DevEmuRegs

00000a80      2a (00000a80)     _FlashRegs

00000ae0      2b (00000ac0)     _CsmRegs

00000b00      2c (00000b00)     _AdcMirror
00000b20      2c (00000b00)     _XintfRegs

00000c00      30 (00000c00)     _CpuTimer0Regs
00000c08      30 (00000c00)     _CpuTimer1Regs
00000c10      30 (00000c00)     _CpuTimer2Regs

00000ce0      33 (00000cc0)     _PieCtrlRegs

00000d00      34 (00000d00)     _PieVectTable

00001000      40 (00001000)     _DmaRegs

00005000     140 (00005000)     _McbspaRegs

00005040     141 (00005040)     _McbspbRegs

00006000     180 (00006000)     _ECanaRegs

00006040     181 (00006040)     _ECanaLAMRegs

00006080     182 (00006080)     _ECanaMOTSRegs

000060c0     183 (000060c0)     _ECanaMOTORegs

00006100     184 (00006100)     _ECanaMboxes

00006200     188 (00006200)     _ECanbRegs

00006240     189 (00006240)     _ECanbLAMRegs

00006280     18a (00006280)     _ECanbMOTSRegs

000062c0     18b (000062c0)     _ECanbMOTORegs

00006300     18c (00006300)     _ECanbMboxes

00006800     1a0 (00006800)     _EPwm1Regs

00006840     1a1 (00006840)     _EPwm2Regs

00006880     1a2 (00006880)     _EPwm3Regs

000068c0     1a3 (000068c0)     _EPwm4Regs

00006900     1a4 (00006900)     _EPwm5Regs

00006940     1a5 (00006940)     _EPwm6Regs

00006a00     1a8 (00006a00)     _ECap1Regs
00006a20     1a8 (00006a00)     _ECap2Regs

00006a40     1a9 (00006a40)     _ECap3Regs
00006a60     1a9 (00006a40)     _ECap4Regs

00006a80     1aa (00006a80)     _ECap5Regs
00006aa0     1aa (00006a80)     _ECap6Regs

00006b00     1ac (00006b00)     _EQep1Regs

00006b40     1ad (00006b40)     _EQep2Regs

00006f80     1be (00006f80)     _GpioCtrlRegs

00006fc0     1bf (00006fc0)     _GpioDataRegs
00006fe0     1bf (00006fc0)     _GpioIntRegs

00007010     1c0 (00007000)     _SysCtrlRegs

00007040     1c1 (00007040)     _SpiaRegs
00007050     1c1 (00007040)     _SciaRegs
00007070     1c1 (00007040)     _XIntruptRegs

00007100     1c4 (00007100)     _AdcRegs

00007750     1dd (00007740)     _ScibRegs
00007770     1dd (00007740)     _ScicRegs

00007900     1e4 (00007900)     _I2caRegs

0000c000     300 (0000c000)     _phi_c
0000c001     300 (0000c000)     _phi_b
0000c002     300 (0000c000)     _swd_v
0000c003     300 (0000c000)     _angulo_alpha
0000c006     300 (0000c000)     _phi_a
0000c008     300 (0000c000)     _swam_id
0000c009     300 (0000c000)     _swd_iq
0000c00a     300 (0000c000)     _swa_iq
0000c00b     300 (0000c000)     _swam_iq
0000c00c     300 (0000c000)     _swam_v
0000c00d     300 (0000c000)     _swa_v
0000c00e     300 (0000c000)     _swa_id
0000c00f     300 (0000c000)     _swd_id
0000c012     300 (0000c000)     _G_Idc
0000c014     300 (0000c000)     _G_Vdc
0000c016     300 (0000c000)     _G_ib
0000c018     300 (0000c000)     _vm_c
0000c01a     300 (0000c000)     _vm_b
0000c01c     300 (0000c000)     _G_ia
0000c01e     300 (0000c000)     _M_mul
0000c020     300 (0000c000)     _O_Idc
0000c022     300 (0000c000)     _O_Vdc
0000c028     300 (0000c000)     _G_va
0000c02a     300 (0000c000)     _G_ic
0000c02c     300 (0000c000)     _G_vc
0000c02e     300 (0000c000)     _G_vb
0000c030     300 (0000c000)     _vm_a
0000c032     300 (0000c000)     _p0_iq
0000c034     300 (0000c000)     _q2_iq
0000c036     300 (0000c000)     _p2_iq
0000c038     300 (0000c000)     _p1_iq
0000c03a     300 (0000c000)     _sp_iq
0000c03e     300 (0000c000)     _q1_iq

0000c040     301 (0000c040)     _im_c
0000c042     301 (0000c040)     _im_b
0000c048     301 (0000c040)     _Vm_dc
0000c04a     301 (0000c040)     _q0_iq
0000c04c     301 (0000c040)     _im_a
0000c04e     301 (0000c040)     _Im_dc
0000c072     301 (0000c040)     _O_vb
0000c074     301 (0000c040)     _O_va
0000c078     301 (0000c040)     _O_vc
0000c07a     301 (0000c040)     _O_ia
0000c07e     301 (0000c040)     _O_ic

0000c080     302 (0000c080)     _O_ib
0000c092     302 (0000c080)     _Nb_v
0000c094     302 (0000c080)     _umin_v
0000c096     302 (0000c080)     _q0_v
0000c098     302 (0000c080)     _sp_v
0000c09a     302 (0000c080)     _td_v
0000c09c     302 (0000c080)     _ti_v
0000c09e     302 (0000c080)     _umax_v
0000c0a0     302 (0000c080)     _p2_v
0000c0a2     302 (0000c080)     _p1_v
0000c0a4     302 (0000c080)     _ti_id
0000c0a6     302 (0000c080)     _kc_id
0000c0a8     302 (0000c080)     _q1_v
0000c0aa     302 (0000c080)     _dumax_v
0000c0ac     302 (0000c080)     _p0_v
0000c0ae     302 (0000c080)     _Imax
0000c0b0     302 (0000c080)     _Vmax
0000c0b2     302 (0000c080)     _mb
0000c0b4     302 (0000c080)     _ma
0000c0b6     302 (0000c080)     _t0
0000c0b8     302 (0000c080)     _vdc_min
0000c0ba     302 (0000c080)     _q2_v
0000c0bc     302 (0000c080)     _kc_v
0000c0be     302 (0000c080)     _mc

0000c0c0     303 (0000c0c0)     _vdc_max
0000c0c2     303 (0000c0c0)     _ti_iq
0000c0c4     303 (0000c0c0)     _td_iq
0000c0c6     303 (0000c0c0)     _p2_id
0000c0c8     303 (0000c0c0)     _kc_iq
0000c0ca     303 (0000c0c0)     _p1_id
0000c0cc     303 (0000c0c0)     _umin_iq
0000c0ce     303 (0000c0c0)     _umax_iq
0000c0d2     303 (0000c0c0)     _Nb_iq
0000c0d4     303 (0000c0c0)     _dumax_iq
0000c0d6     303 (0000c0c0)     _p0_id
0000c0d8     303 (0000c0c0)     _Nb_id
0000c0da     303 (0000c0c0)     _umin_id
0000c0dc     303 (0000c0c0)     _q0_id
0000c0de     303 (0000c0c0)     _sp_id
0000c0e0     303 (0000c0c0)     _td_id
0000c0e2     303 (0000c0c0)     _dv
0000c0e4     303 (0000c0c0)     _umax_id
0000c0e6     303 (0000c0c0)     _dumax_id
0000c0e8     303 (0000c0c0)     _q1_id
0000c0ea     303 (0000c0c0)     _q2_id
0000c0ec     303 (0000c0c0)     _vc

0000c100     304 (0000c100)     _ic
0000c114     304 (0000c100)     _idc
0000c128     304 (0000c100)     _ia

0000c140     305 (0000c140)     _va
0000c154     305 (0000c140)     _vb
0000c168     305 (0000c140)     _ib

0000c180     306 (0000c180)     _Vdc

0000c1c0     307 (0000c1c0)     _ia_buff

0000c340     30d (0000c340)     _vc_buff

0000c4c0     313 (0000c4c0)     _ic_buff

0000c640     319 (0000c640)     _vb_buff

0000c7c0     31f (0000c7c0)     _ib_buff

0000c940     325 (0000c940)     _va_buff

0000cac0     32b (0000cac0)     _sine

0000cd90     336 (0000cd80)     _CpuTimer1
0000cd98     336 (0000cd80)     _CpuTimer2
0000cda0     336 (0000cd80)     _CpuTimer0
0000cda8     336 (0000cd80)     ___TI_cleanup_ptr
0000cdaa     336 (0000cd80)     ___TI_dtors_ptr
0000cdac     336 (0000cd80)     __lock
0000cdae     336 (0000cd80)     __unlock

0000d000     340 (0000d000)     _PieVectTableInit

0033fff8    cfff (0033ffc0)     _CsmPwl

00380090    e002 (00380080)     _PartIdRegs


GLOBAL SYMBOLS: SORTED ALPHABETICALLY BY Name 

page  address   name                 
----  -------   ----                 
0     00009000  .text                
0     0000a54b  C$$EXIT              
0     0000a3a7  FS$$DIV              
0     0000a07f  _ADCINT_ISR          
0     00380080  _ADC_cal             
1     00000b00  _AdcMirror           
1     00007100  _AdcRegs             
0     0000a468  _ConfigCpuTimer      
1     0000cda0  _CpuTimer0           
1     00000c00  _CpuTimer0Regs       
1     0000cd90  _CpuTimer1           
1     00000c08  _CpuTimer1Regs       
1     0000cd98  _CpuTimer2           
1     00000c10  _CpuTimer2Regs       
1     0033fff8  _CsmPwl              
1     00000ae0  _CsmRegs             
0     0000a376  _CsmUnlock           
0     00009fad  _DATALOG_ISR         
0     0000a1a1  _DINTCH1_ISR         
0     0000a1ab  _DINTCH2_ISR         
0     0000a1b5  _DINTCH3_ISR         
0     0000a1bf  _DINTCH4_ISR         
0     0000a1c9  _DINTCH5_ISR         
0     0000a1d3  _DINTCH6_ISR         
0     000083dc  _DSP28x_usDelay      
0     00009a7d  _DesactivarDog       
1     00000880  _DevEmuRegs          
0     0000a2c2  _DisableDog          
1     00001000  _DmaRegs             
0     0000a22d  _ECAN0INTA_ISR       
0     0000a241  _ECAN0INTB_ISR       
0     0000a237  _ECAN1INTA_ISR       
0     0000a24b  _ECAN1INTB_ISR       
0     0000a115  _ECAP1_INT_ISR       
0     0000a11f  _ECAP2_INT_ISR       
0     0000a129  _ECAP3_INT_ISR       
0     0000a133  _ECAP4_INT_ISR       
0     0000a13d  _ECAP5_INT_ISR       
0     0000a147  _ECAP6_INT_ISR       
1     00006040  _ECanaLAMRegs        
1     000060c0  _ECanaMOTORegs       
1     00006080  _ECanaMOTSRegs       
1     00006100  _ECanaMboxes         
1     00006000  _ECanaRegs           
1     00006240  _ECanbLAMRegs        
1     000062c0  _ECanbMOTORegs       
1     00006280  _ECanbMOTSRegs       
1     00006300  _ECanbMboxes         
1     00006200  _ECanbRegs           
1     00006a00  _ECap1Regs           
1     00006a20  _ECap2Regs           
1     00006a40  _ECap3Regs           
1     00006a60  _ECap4Regs           
1     00006a80  _ECap5Regs           
1     00006aa0  _ECap6Regs           
0     00009fc1  _EMUINT_ISR          
0     0000a0d9  _EPWM1_INT_ISR       
0     0000a09d  _EPWM1_TZINT_ISR     
0     0000a0e3  _EPWM2_INT_ISR       
0     0000a0a7  _EPWM2_TZINT_ISR     
0     0000a0ed  _EPWM3_INT_ISR       
0     0000a0b1  _EPWM3_TZINT_ISR     
0     0000a0f7  _EPWM4_INT_ISR       
0     0000a0bb  _EPWM4_TZINT_ISR     
0     0000a101  _EPWM5_INT_ISR       
0     0000a0c5  _EPWM5_TZINT_ISR     
0     0000a10b  _EPWM6_INT_ISR       
0     0000a0cf  _EPWM6_TZINT_ISR     
1     00006800  _EPwm1Regs           
1     00006840  _EPwm2Regs           
1     00006880  _EPwm3Regs           
1     000068c0  _EPwm4Regs           
1     00006900  _EPwm5Regs           
1     00006940  _EPwm6Regs           
0     0000a151  _EQEP1_INT_ISR       
0     0000a15b  _EQEP2_INT_ISR       
1     00006b00  _EQep1Regs           
1     00006b40  _EQep2Regs           
0     0000a507  _EnableInterrupts    
1     00000a80  _FlashRegs           
1     0000c012  _G_Idc               
1     0000c014  _G_Vdc               
1     0000c01c  _G_ia                
1     0000c016  _G_ib                
1     0000c02a  _G_ic                
1     0000c028  _G_va                
1     0000c02e  _G_vb                
1     0000c02c  _G_vc                
1     00006f80  _GpioCtrlRegs        
1     00006fc0  _GpioDataRegs        
1     00006fe0  _GpioIntRegs         
0     0000a1dd  _I2CINT1A_ISR        
0     0000a1e7  _I2CINT2A_ISR        
1     00007900  _I2caRegs            
0     00009fd5  _ILLEGAL_ISR         
0     00009f99  _INT13_ISR           
0     00009fa3  _INT14_ISR           
1     0000c04e  _Im_dc               
1     0000c0ae  _Imax                
0     00009a85  _IniCpuTimers        
0     0000a42f  _InitCpuTimers       
0     0000a31b  _InitPeripheralClocks
0     0000a4e8  _InitPieCtrl         
0     0000a510  _InitPieVectTable    
0     0000a2ca  _InitPll             
0     0000a2af  _InitSysCtrl         
0     0000a291  _LUF_ISR             
0     0000a287  _LVF_ISR             
0     0000a18d  _MRINTA_ISR          
0     0000a179  _MRINTB_ISR          
0     0000a197  _MXINTA_ISR          
0     0000a183  _MXINTB_ISR          
1     0000c01e  _M_mul               
1     00005000  _McbspaRegs          
1     00005040  _McbspbRegs          
0     00009fcb  _NMI_ISR             
1     0000c0d8  _Nb_id               
1     0000c0d2  _Nb_iq               
1     0000c092  _Nb_v                
1     0000c020  _O_Idc               
1     0000c022  _O_Vdc               
1     0000c07a  _O_ia                
1     0000c080  _O_ib                
1     0000c07e  _O_ic                
1     0000c074  _O_va                
1     0000c072  _O_vb                
1     0000c078  _O_vc                
0     0000a29b  _PIE_RESERVED        
0     00009921  _PWM_conf            
1     00380090  _PartIdRegs          
1     00000ce0  _PieCtrlRegs         
1     00000d00  _PieVectTable        
1     0000d000  _PieVectTableInit    
0     00009fb7  _RTOSINT_ISR         
0     0000a205  _SCIRXINTA_ISR       
0     0000a219  _SCIRXINTB_ISR       
0     0000a1f1  _SCIRXINTC_ISR       
0     0000a20f  _SCITXINTA_ISR       
0     0000a223  _SCITXINTB_ISR       
0     0000a1fb  _SCITXINTC_ISR       
0     0000a057  _SEQ1INT_ISR         
0     0000a061  _SEQ2INT_ISR         
0     0000a165  _SPIRXINTA_ISR       
0     0000a16f  _SPITXINTA_ISR       
1     00007050  _SciaRegs            
1     00007750  _ScibRegs            
1     00007770  _ScicRegs            
0     0000a2b8  _ServiceDog          
1     00007040  _SpiaRegs            
1     00007010  _SysCtrlRegs         
0     0000a089  _TINT0_ISR           
0     0000a039  _USER10_ISR          
0     0000a043  _USER11_ISR          
0     0000a04d  _USER12_ISR          
0     00009fdf  _USER1_ISR           
0     00009fe9  _USER2_ISR           
0     00009ff3  _USER3_ISR           
0     00009ffd  _USER4_ISR           
0     0000a007  _USER5_ISR           
0     0000a011  _USER6_ISR           
0     0000a01b  _USER7_ISR           
0     0000a025  _USER8_ISR           
0     0000a02f  _USER9_ISR           
1     0000c180  _Vdc                 
1     0000c048  _Vm_dc               
1     0000c0b0  _Vmax                
0     0000a093  _WAKEINT_ISR         
0     0000a06b  _XINT1_ISR           
0     0000a075  _XINT2_ISR           
0     0000a255  _XINT3_ISR           
0     0000a25f  _XINT4_ISR           
0     0000a269  _XINT5_ISR           
0     0000a273  _XINT6_ISR           
0     0000a27d  _XINT7_ISR           
1     00007070  _XIntruptRegs        
1     00000b20  _XintfRegs           
1     00000700  __STACK_END          
abs   00000300  __STACK_SIZE         
1     0000cda8  ___TI_cleanup_ptr    
1     0000cdaa  ___TI_dtors_ptr      
abs   ffffffff  ___binit__           
abs   ffffffff  ___c_args__          
0     00008000  ___cinit__           
0     0000a575  ___etext__           
abs   ffffffff  ___pinit__           
0     00009000  ___text__            
0     0000a532  __args_main          
1     0000cdac  __lock               
0     0000a56c  __nop                
0     0000a568  __register_lock      
0     0000a564  __register_unlock    
1     00000400  __stack              
1     0000cdae  __unlock             
0     00009f14  _abc                 
0     0000a54b  _abort               
0     00009a35  _adc_conf            
0     00009119  _adc_isr             
1     0000c003  _angulo_alpha        
0     0000a4a2  _c_int00             
0     00009abe  _conf_pi             
0     00009126  _cpu_timer0_isr      
0     00009497  _cpu_timer1_isr      
0     00009e84  _dq0                 
1     0000c0e6  _dumax_id            
1     0000c0d4  _dumax_iq            
1     0000c0aa  _dumax_v             
1     0000c0e2  _dv                  
0     00009000  _epwm1_isr           
0     0000905f  _epwm2_isr           
0     000090bc  _epwm3_isr           
0     0000a54d  _exit                
1     0000c128  _ia                  
1     0000c1c0  _ia_buff             
1     0000c168  _ib                  
1     0000c7c0  _ib_buff             
1     0000c100  _ic                  
1     0000c4c0  _ic_buff             
1     0000c114  _idc                 
1     0000c04c  _im_a                
1     0000c042  _im_b                
1     0000c040  _im_c                
1     0000c0a6  _kc_id               
1     0000c0c8  _kc_iq               
1     0000c0bc  _kc_v                
1     0000c0b4  _ma                  
0     0000985b  _main                
1     0000c0b2  _mb                  
1     0000c0be  _mc                  
0     00009ddc  _mppt                
1     0000c0d6  _p0_id               
1     0000c032  _p0_iq               
1     0000c0ac  _p0_v                
1     0000c0ca  _p1_id               
1     0000c038  _p1_iq               
1     0000c0a2  _p1_v                
1     0000c0c6  _p2_id               
1     0000c036  _p2_iq               
1     0000c0a0  _p2_v                
1     0000c006  _phi_a               
1     0000c001  _phi_b               
1     0000c000  _phi_c               
1     0000c0dc  _q0_id               
1     0000c04a  _q0_iq               
1     0000c096  _q0_v                
1     0000c0e8  _q1_id               
1     0000c03e  _q1_iq               
1     0000c0a8  _q1_v                
1     0000c0ea  _q2_id               
1     0000c034  _q2_iq               
1     0000c0ba  _q2_v                
0     0000a2a5  _rsvd_ISR            
1     0000cac0  _sine                
1     0000c0de  _sp_id               
1     0000c03a  _sp_iq               
1     0000c098  _sp_v                
1     0000c00e  _swa_id              
1     0000c00a  _swa_iq              
1     0000c00d  _swa_v               
1     0000c008  _swam_id             
1     0000c00b  _swam_iq             
1     0000c00c  _swam_v              
1     0000c00f  _swd_id              
1     0000c009  _swd_iq              
1     0000c002  _swd_v               
0     000098cb  _sys_conf            
1     0000c0b6  _t0                  
1     0000c0e0  _td_id               
1     0000c0c4  _td_iq               
1     0000c09a  _td_v                
1     0000c0a4  _ti_id               
1     0000c0c2  _ti_iq               
1     0000c09c  _ti_v                
1     0000c0e4  _umax_id             
1     0000c0ce  _umax_iq             
1     0000c09e  _umax_v              
1     0000c0da  _umin_id             
1     0000c0cc  _umin_iq             
1     0000c094  _umin_v              
1     0000c140  _va                  
1     0000c940  _va_buff             
1     0000c154  _vb                  
1     0000c640  _vb_buff             
1     0000c0ec  _vc                  
1     0000c340  _vc_buff             
1     0000c0c0  _vdc_max             
1     0000c0b8  _vdc_min             
1     0000c030  _vm_a                
1     0000c01a  _vm_b                
1     0000c018  _vm_c                
abs   ffffffff  binit                
0     00008000  cinit                
0     00000000  code_start           
0     0000a575  etext                
abs   ffffffff  pinit                


GLOBAL SYMBOLS: SORTED BY Symbol Address 

page  address   name                 
----  -------   ----                 
0     00000000  code_start           
0     00008000  ___cinit__           
0     00008000  cinit                
0     000083dc  _DSP28x_usDelay      
0     00009000  .text                
0     00009000  ___text__            
0     00009000  _epwm1_isr           
0     0000905f  _epwm2_isr           
0     000090bc  _epwm3_isr           
0     00009119  _adc_isr             
0     00009126  _cpu_timer0_isr      
0     00009497  _cpu_timer1_isr      
0     0000985b  _main                
0     000098cb  _sys_conf            
0     00009921  _PWM_conf            
0     00009a35  _adc_conf            
0     00009a7d  _DesactivarDog       
0     00009a85  _IniCpuTimers        
0     00009abe  _conf_pi             
0     00009ddc  _mppt                
0     00009e84  _dq0                 
0     00009f14  _abc                 
0     00009f99  _INT13_ISR           
0     00009fa3  _INT14_ISR           
0     00009fad  _DATALOG_ISR         
0     00009fb7  _RTOSINT_ISR         
0     00009fc1  _EMUINT_ISR          
0     00009fcb  _NMI_ISR             
0     00009fd5  _ILLEGAL_ISR         
0     00009fdf  _USER1_ISR           
0     00009fe9  _USER2_ISR           
0     00009ff3  _USER3_ISR           
0     00009ffd  _USER4_ISR           
0     0000a007  _USER5_ISR           
0     0000a011  _USER6_ISR           
0     0000a01b  _USER7_ISR           
0     0000a025  _USER8_ISR           
0     0000a02f  _USER9_ISR           
0     0000a039  _USER10_ISR          
0     0000a043  _USER11_ISR          
0     0000a04d  _USER12_ISR          
0     0000a057  _SEQ1INT_ISR         
0     0000a061  _SEQ2INT_ISR         
0     0000a06b  _XINT1_ISR           
0     0000a075  _XINT2_ISR           
0     0000a07f  _ADCINT_ISR          
0     0000a089  _TINT0_ISR           
0     0000a093  _WAKEINT_ISR         
0     0000a09d  _EPWM1_TZINT_ISR     
0     0000a0a7  _EPWM2_TZINT_ISR     
0     0000a0b1  _EPWM3_TZINT_ISR     
0     0000a0bb  _EPWM4_TZINT_ISR     
0     0000a0c5  _EPWM5_TZINT_ISR     
0     0000a0cf  _EPWM6_TZINT_ISR     
0     0000a0d9  _EPWM1_INT_ISR       
0     0000a0e3  _EPWM2_INT_ISR       
0     0000a0ed  _EPWM3_INT_ISR       
0     0000a0f7  _EPWM4_INT_ISR       
0     0000a101  _EPWM5_INT_ISR       
0     0000a10b  _EPWM6_INT_ISR       
0     0000a115  _ECAP1_INT_ISR       
0     0000a11f  _ECAP2_INT_ISR       
0     0000a129  _ECAP3_INT_ISR       
0     0000a133  _ECAP4_INT_ISR       
0     0000a13d  _ECAP5_INT_ISR       
0     0000a147  _ECAP6_INT_ISR       
0     0000a151  _EQEP1_INT_ISR       
0     0000a15b  _EQEP2_INT_ISR       
0     0000a165  _SPIRXINTA_ISR       
0     0000a16f  _SPITXINTA_ISR       
0     0000a179  _MRINTB_ISR          
0     0000a183  _MXINTB_ISR          
0     0000a18d  _MRINTA_ISR          
0     0000a197  _MXINTA_ISR          
0     0000a1a1  _DINTCH1_ISR         
0     0000a1ab  _DINTCH2_ISR         
0     0000a1b5  _DINTCH3_ISR         
0     0000a1bf  _DINTCH4_ISR         
0     0000a1c9  _DINTCH5_ISR         
0     0000a1d3  _DINTCH6_ISR         
0     0000a1dd  _I2CINT1A_ISR        
0     0000a1e7  _I2CINT2A_ISR        
0     0000a1f1  _SCIRXINTC_ISR       
0     0000a1fb  _SCITXINTC_ISR       
0     0000a205  _SCIRXINTA_ISR       
0     0000a20f  _SCITXINTA_ISR       
0     0000a219  _SCIRXINTB_ISR       
0     0000a223  _SCITXINTB_ISR       
0     0000a22d  _ECAN0INTA_ISR       
0     0000a237  _ECAN1INTA_ISR       
0     0000a241  _ECAN0INTB_ISR       
0     0000a24b  _ECAN1INTB_ISR       
0     0000a255  _XINT3_ISR           
0     0000a25f  _XINT4_ISR           
0     0000a269  _XINT5_ISR           
0     0000a273  _XINT6_ISR           
0     0000a27d  _XINT7_ISR           
0     0000a287  _LVF_ISR             
0     0000a291  _LUF_ISR             
0     0000a29b  _PIE_RESERVED        
0     0000a2a5  _rsvd_ISR            
0     0000a2af  _InitSysCtrl         
0     0000a2b8  _ServiceDog          
0     0000a2c2  _DisableDog          
0     0000a2ca  _InitPll             
0     0000a31b  _InitPeripheralClocks
0     0000a376  _CsmUnlock           
0     0000a3a7  FS$$DIV              
0     0000a42f  _InitCpuTimers       
0     0000a468  _ConfigCpuTimer      
0     0000a4a2  _c_int00             
0     0000a4e8  _InitPieCtrl         
0     0000a507  _EnableInterrupts    
0     0000a510  _InitPieVectTable    
0     0000a532  __args_main          
0     0000a54b  C$$EXIT              
0     0000a54b  _abort               
0     0000a54d  _exit                
0     0000a564  __register_unlock    
0     0000a568  __register_lock      
0     0000a56c  __nop                
0     0000a575  ___etext__           
0     0000a575  etext                
0     00380080  _ADC_cal             
1     00000400  __stack              
1     00000700  __STACK_END          
1     00000880  _DevEmuRegs          
1     00000a80  _FlashRegs           
1     00000ae0  _CsmRegs             
1     00000b00  _AdcMirror           
1     00000b20  _XintfRegs           
1     00000c00  _CpuTimer0Regs       
1     00000c08  _CpuTimer1Regs       
1     00000c10  _CpuTimer2Regs       
1     00000ce0  _PieCtrlRegs         
1     00000d00  _PieVectTable        
1     00001000  _DmaRegs             
1     00005000  _McbspaRegs          
1     00005040  _McbspbRegs          
1     00006000  _ECanaRegs           
1     00006040  _ECanaLAMRegs        
1     00006080  _ECanaMOTSRegs       
1     000060c0  _ECanaMOTORegs       
1     00006100  _ECanaMboxes         
1     00006200  _ECanbRegs           
1     00006240  _ECanbLAMRegs        
1     00006280  _ECanbMOTSRegs       
1     000062c0  _ECanbMOTORegs       
1     00006300  _ECanbMboxes         
1     00006800  _EPwm1Regs           
1     00006840  _EPwm2Regs           
1     00006880  _EPwm3Regs           
1     000068c0  _EPwm4Regs           
1     00006900  _EPwm5Regs           
1     00006940  _EPwm6Regs           
1     00006a00  _ECap1Regs           
1     00006a20  _ECap2Regs           
1     00006a40  _ECap3Regs           
1     00006a60  _ECap4Regs           
1     00006a80  _ECap5Regs           
1     00006aa0  _ECap6Regs           
1     00006b00  _EQep1Regs           
1     00006b40  _EQep2Regs           
1     00006f80  _GpioCtrlRegs        
1     00006fc0  _GpioDataRegs        
1     00006fe0  _GpioIntRegs         
1     00007010  _SysCtrlRegs         
1     00007040  _SpiaRegs            
1     00007050  _SciaRegs            
1     00007070  _XIntruptRegs        
1     00007100  _AdcRegs             
1     00007750  _ScibRegs            
1     00007770  _ScicRegs            
1     00007900  _I2caRegs            
1     0000c000  _phi_c               
1     0000c001  _phi_b               
1     0000c002  _swd_v               
1     0000c003  _angulo_alpha        
1     0000c006  _phi_a               
1     0000c008  _swam_id             
1     0000c009  _swd_iq              
1     0000c00a  _swa_iq              
1     0000c00b  _swam_iq             
1     0000c00c  _swam_v              
1     0000c00d  _swa_v               
1     0000c00e  _swa_id              
1     0000c00f  _swd_id              
1     0000c012  _G_Idc               
1     0000c014  _G_Vdc               
1     0000c016  _G_ib                
1     0000c018  _vm_c                
1     0000c01a  _vm_b                
1     0000c01c  _G_ia                
1     0000c01e  _M_mul               
1     0000c020  _O_Idc               
1     0000c022  _O_Vdc               
1     0000c028  _G_va                
1     0000c02a  _G_ic                
1     0000c02c  _G_vc                
1     0000c02e  _G_vb                
1     0000c030  _vm_a                
1     0000c032  _p0_iq               
1     0000c034  _q2_iq               
1     0000c036  _p2_iq               
1     0000c038  _p1_iq               
1     0000c03a  _sp_iq               
1     0000c03e  _q1_iq               
1     0000c040  _im_c                
1     0000c042  _im_b                
1     0000c048  _Vm_dc               
1     0000c04a  _q0_iq               
1     0000c04c  _im_a                
1     0000c04e  _Im_dc               
1     0000c072  _O_vb                
1     0000c074  _O_va                
1     0000c078  _O_vc                
1     0000c07a  _O_ia                
1     0000c07e  _O_ic                
1     0000c080  _O_ib                
1     0000c092  _Nb_v                
1     0000c094  _umin_v              
1     0000c096  _q0_v                
1     0000c098  _sp_v                
1     0000c09a  _td_v                
1     0000c09c  _ti_v                
1     0000c09e  _umax_v              
1     0000c0a0  _p2_v                
1     0000c0a2  _p1_v                
1     0000c0a4  _ti_id               
1     0000c0a6  _kc_id               
1     0000c0a8  _q1_v                
1     0000c0aa  _dumax_v             
1     0000c0ac  _p0_v                
1     0000c0ae  _Imax                
1     0000c0b0  _Vmax                
1     0000c0b2  _mb                  
1     0000c0b4  _ma                  
1     0000c0b6  _t0                  
1     0000c0b8  _vdc_min             
1     0000c0ba  _q2_v                
1     0000c0bc  _kc_v                
1     0000c0be  _mc                  
1     0000c0c0  _vdc_max             
1     0000c0c2  _ti_iq               
1     0000c0c4  _td_iq               
1     0000c0c6  _p2_id               
1     0000c0c8  _kc_iq               
1     0000c0ca  _p1_id               
1     0000c0cc  _umin_iq             
1     0000c0ce  _umax_iq             
1     0000c0d2  _Nb_iq               
1     0000c0d4  _dumax_iq            
1     0000c0d6  _p0_id               
1     0000c0d8  _Nb_id               
1     0000c0da  _umin_id             
1     0000c0dc  _q0_id               
1     0000c0de  _sp_id               
1     0000c0e0  _td_id               
1     0000c0e2  _dv                  
1     0000c0e4  _umax_id             
1     0000c0e6  _dumax_id            
1     0000c0e8  _q1_id               
1     0000c0ea  _q2_id               
1     0000c0ec  _vc                  
1     0000c100  _ic                  
1     0000c114  _idc                 
1     0000c128  _ia                  
1     0000c140  _va                  
1     0000c154  _vb                  
1     0000c168  _ib                  
1     0000c180  _Vdc                 
1     0000c1c0  _ia_buff             
1     0000c340  _vc_buff             
1     0000c4c0  _ic_buff             
1     0000c640  _vb_buff             
1     0000c7c0  _ib_buff             
1     0000c940  _va_buff             
1     0000cac0  _sine                
1     0000cd90  _CpuTimer1           
1     0000cd98  _CpuTimer2           
1     0000cda0  _CpuTimer0           
1     0000cda8  ___TI_cleanup_ptr    
1     0000cdaa  ___TI_dtors_ptr      
1     0000cdac  __lock               
1     0000cdae  __unlock             
1     0000d000  _PieVectTableInit    
1     0033fff8  _CsmPwl              
1     00380090  _PartIdRegs          
abs   00000300  __STACK_SIZE         
abs   ffffffff  ___binit__           
abs   ffffffff  ___c_args__          
abs   ffffffff  ___pinit__           
abs   ffffffff  binit                
abs   ffffffff  pinit                

[294 symbols]
